      3430       2060 match
      3435    2342340 match
     13435    3434290 match
  23232502  343535354 match
      5975    3859034 match
      1930         34 match
        39         13 match
         9          3 match
        14         92 match
       210        124 match
    116150     232704 match
       482         18 match
       390        110 match
       165        335 match
        66        434 match
       366        134 match
       456         44 match
       120        380 match
       120        380 match
       297        203 match
        72        428 match
       456         44 match
       467         33 match
       109        391 match
       165        335 match
       326        174 match
        27        473 match
       404         96 match
       249        251 match
         7        493 match
        12        488 match
       197        303 match
        80        420 match
       240        260 match
       317        183 match
       339        161 match
       230        270 match
       209        291 match
       426         74 match
       395        105 match
       177        323 match
       100        400 match
         2        498 match
       296        204 match
       265        235 match
       313        187 match
        67        433 match
        96        404 match
       349        151 match
       244        256 match
       186        314 match
       322        178 match
       429         71 match
       162        338 match
        77        423 match
       359        141 match
       329        171 match
       228        272 match
        55        445 match
       365        135 match
       291        209 match
       497          3 match
       257        243 match
       131        369 match
       394        106 match
       380        120 match
       170        330 match
         5        495 match
       280        220 match
       253        247 match
       303        197 match
       377        123 match
        78        422 match
       383        117 match
        45        455 match
       479         21 match
       488         12 match
       498          2 match
       399        101 match
       373        127 match
       102        398 match
        60        440 match
       201        299 match
        23        477 match
        94        406 match
       399        101 match
       332        168 match
       204        296 match
       271        229 match
       432         68 match
       433         67 match
       167        333 match
       483         17 match
        11        489 match
         8        492 match
       378        122 match
       172        328 match
       489         11 match
       174        326 match
        86        414 match
       434         66 match
       135        365 match
       428         72 match
       205        295 match
        88        412 match
       438         62 match
        14        486 match
       240        260 match
        47        453 match
       450         50 match
       340        160 match
       322        178 match
        94        406 match
       333        167 match
       318        182 match
       417         83 match
       484         16 match
       267        233 match
       268        232 match
       468         32 match
       349        151 match
       213        287 match
        61        439 match
        81        419 match
       211        289 match
        31        469 match
       447         53 match
       402         98 match
       302        198 match
       296        204 match
       374        126 match
       334        166 match
       228        272 match
       154        346 match
       471         29 match
       448         52 match
        36        464 match
       457         43 match
       257        243 match
       134        366 match
       342        158 match
       368        132 match
       447         53 match
       162        338 match
       163        337 match
       106        394 match
       112        388 match
        29        471 match
       144        356 match
       193        307 match
       256        244 match
        57        443 match
        71        429 match
        96        404 match
       144        356 match
       328        172 match
       282        218 match
        30        470 match
       475         25 match
       233        267 match
       367        133 match
       281        219 match
       304        196 match
       359        141 match
       291        209 match
       189        311 match
       145        355 match
       170        330 match
       214        286 match
        79        421 match
       466         34 match
       390        110 match
       308        192 match
       282        218 match
       100        400 match
       407         93 match
       286        214 match
       455         45 match
        84        416 match
       413         87 match
       254        246 match
       143        357 match
        93        407 match
       230        270 match
       159        341 match
       321        179 match
       180        320 match
       480         20 match
       476         24 match
       450         50 match
       484         16 match
       368        132 match
       393        107 match
       324        176 match
       266        234 match
         5        495 match
       419         81 match
       292        208 match
       255        245 match
       212        288 match
       491          9 match
       406         94 match
       100        400 match
       384        116 match
       256        244 match
       250        250 match
       161        339 match
       448         52 match
       102        398 match
       143        357 match
       135        365 match
       123        377 match
       306        194 match
       455         45 match
        63        437 match
       220        280 match
       221        279 match
       427         73 match
       453         47 match
       360        140 match
       389        111 match
       340        160 match
       269        231 match
       228        272 match
        71        429 match
       415         85 match
       321        179 match
       399        101 match
       380        120 match
         6        494 match
       159        341 match
       367        133 match
       258        242 match
       327        173 match
       312        188 match
       206        294 match
        31        469 match
       183        317 match
       304        196 match
       133        367 match
        50        450 match
       421         79 match
       301        199 match
       425         75 match
       457         43 match
       325        175 match
       473         27 match
         9        491 match
       347        153 match
       473         27 match
       283        217 match
       175        325 match
       302        198 match
       389        111 match
       496          4 match
       336        164 match
       419         81 match
       327        173 match
        79        421 match
       314        186 match
       271        229 match
       295        205 match
        94        406 match
       399        101 match
       123        377 match
       378        122 match
       399        101 match
       362        138 match
       450         50 match
       480         20 match
       147        353 match
       419         81 match
       358        142 match
       470         30 match
       480         20 match
       340        160 match
       386        114 match
       201        299 match
         7        493 match
       198        302 match
       248        252 match
       300        200 match
        80        420 match
       318        182 match
       430         70 match
       109        391 match
        26        474 match
       308        192 match
        10        490 match
       402         98 match
       180        320 match
       169        331 match
       457         43 match
       404         96 match
       305        195 match
        23        477 match
       308        192 match
       247        253 match
       166        334 match
        61        439 match
       349        151 match
       119        381 match
       258        242 match
       322        178 match
       223        277 match
       455         45 match
         1        499 match
        97        403 match
       170        330 match
       155        345 match
        18        482 match
       474         26 match
        29        471 match
       400        100 match
       476         24 match
       361        139 match
       159        341 match
        33        467 match
       298        202 match
       486         14 match
        87        413 match
       216        284 match
       185        315 match
         6        494 match
       182        318 match
       465         35 match
        26        474 match
        23        477 match
       176        324 match
       441         59 match
       431         69 match
       190        310 match
        23        477 match
       390        110 match
       297        203 match
        66        434 match
        21        479 match
       283        217 match
       300        200 match
       373        127 match
       458         42 match
       299        201 match
        88        412 match
       441         59 match
       234        266 match
       234        266 match
       129        371 match
       443         57 match
        32        468 match
       429         71 match
       212        288 match
       214        286 match
       359        141 match
        25        475 match
       234        266 match
       206        294 match
        29        471 match
       326        174 match
        68        432 match
        42        458 match
         9        491 match
       312        188 match
       271        229 match
       449         51 match
       426         74 match
        17        483 match
       485         15 match
       205        295 match
        77        423 match
       400        100 match
       495          5 match
       415         85 match
        47        453 match
       491          9 match
       215        285 match
        82        418 match
       232        268 match
       424         76 match
       168        332 match
       283        217 match
       392        108 match
        40        460 match
       385        115 match
       308        192 match
       450         50 match
       132        368 match
        37        463 match
        80        420 match
       473         27 match
       400        100 match
       154        346 match
        99        401 match
       425         75 match
       407         93 match
       221        279 match
       396        104 match
       293        207 match
       129        371 match
       437         63 match
       209        291 match
       449         51 match
       169        331 match
       489         11 match
       197        303 match
       310        190 match
       210        290 match
       137        363 match
       435         65 match
        26        474 match
       344        156 match
       276        224 match
       383        117 match
       366        134 match
       369        131 match
       159        341 match
        99        401 match
       260        240 match
       292        208 match
       453         47 match
        72        428 match
       276        224 match
       443         57 match
        63        437 match
       306        194 match
       464         36 match
       371        129 match
        16        484 match
       357        143 match
       278        222 match
        16        484 match
       214        286 match
       209        291 match
       491          9 match
       445         55 match
       487         13 match
       313        187 match
       499          1 match
        75        425 match
       334        166 match
       214        286 match
        72        428 match
        85        415 match
       397        103 match
       151        349 match
        17        483 match
       334        166 match
       456         44 match
       419         81 match
        56        444 match
        39        461 match
       328        172 match
       401         99 match
       123        377 match
        79        421 match
       491          9 match
       292        208 match
       467         33 match
       364        136 match
       366        134 match
       133        367 match
       241        259 match
       490         10 match
       352        148 match
       465         35 match
       369        131 match
         5        495 match
       396        104 match
       120        380 match
       464         36 match
       370        130 match
       338        162 match
       466         34 match
        25        475 match
         4        496 match
       382        118 match
       135        365 match
       429         71 match
       484         16 match
       495          5 match
         8        492 match
       356        144 match
       233        267 match
       339        161 match
       208        292 match
       195        305 match
       300        200 match
        24        476 match
       381        119 match
       200        300 match
       232        268 match
       371        129 match
       133        367 match
       247        253 match
        92        408 match
         3        497 match
       361        139 match
        63        437 match
       490         10 match
        74        426 match
       413         87 match
       235        265 match
       418         82 match
       276        224 match
       398        102 match
        28        472 match
       469         31 match
       243        257 match
       359        141 match
       104        396 match
       366        134 match
        68        432 match
       133        367 match
       133        367 match
